   鈻?Next.js 15.5.18
   - Environments: .env.local, .env
   - Experiments (use with caution):
     路 serverActions

   Creating an optimized production build ...
 鉁?Compiled successfully in 50s
   Skipping linting
   Checking validity of types ...
node.exe : Failed to compile.
所在位置 行:1 字符: 1
+ & "D:\Program Files\nodejs/node.exe" "C:\Users\Administrator\AppData\ ...
+ ~~~~~~~~~~~~~~~~~~~~~~~~~~~~~~~~~~~~~~~~~~~~~~~~~~~~~~~~~~~~~~~~~~~~~
    + CategoryInfo          : NotSpecified: (Failed to compile.:String) [], Rem
ot    eException
    + FullyQualifiedErrorId : NativeCommandError
 

./src/lib/services/order.service.ts:7:10
Type error: Module '"@prisma/client"' has no exported member 'sql'.

[0m [90m  5 |[39m [36mimport[39m { sendSms } [36mfrom[39m [32m'@/lib/no
tification/sendSms'[39m
 [90m  6 |[39m [90m// eslint-disable-next-line @typescript-eslint/no-restric
ted-imports[39m
[31m[1m>[22m[39m[90m  7 |[39m [36mimport[39m { sql } [36mfrom[39m [3
2m'@prisma/client'[39m
 [90m    |[39m          [31m[1m^[22m[39m
 [90m  8 |[39m [36mimport[39m { logger } [36mfrom[39m [32m'@/lib/logger'
[39m
 [90m  9 |[39m
 [90m 10 |[39m [36mexport[39m [36mclass[39m [33mOrderService[39m {[0m
Next.js build worker exited with code: 1 and signal: null
